12:34:56  study    internal/tools, where is the gutter
12:34:56    read     /tmp/cortex-snapshot/nonexistent-seed-file.txt  error: /tmp/cortex-snapshot/nonexistent-seed-file.txt does not exi…
12:34:56    read     /tmp/cortex-snapshot/nonexistent-seed-file.txt  error: /tmp/cortex-snapshot/nonexistent-seed-file.txt does not exi…
12:34:56    study done: 2 calls, 1.0s, digest 21 B