12:34:56  tool: study(internal/tools, where is the gutter)
12:34:56    tool: read_file(/tmp/cortex-snapshot/nonexistent-seed-file.txt)  1.0s  error: read /tmp/cortex-snapshot/nonexistent-seed-file.txt: open /…
12:34:56    tool: read_file(/tmp/cortex-snapshot/nonexistent-seed-file.txt)  1.0s  error: read /tmp/cortex-snapshot/nonexistent-seed-file.txt: open /…
12:34:56    study done: 2 calls, 1.0s, digest 21 B